// Jest Snapshot v1, https://goo.gl/fbAQLP

exports[`renders correctly 1`] = `
<View>
  <Text
    accessible={true}
    allowFontScaling={true}
    ellipsizeMode="tail"
  >
    Enable daily reminder
  </Text>
  <RCTSwitch
    disabled={false}
    onChange={[Function]}
    onResponderTerminationRequest={[Function]}
    onStartShouldSetResponder={[Function]}
    style={
      Array [
        Object {
          "height": 31,
          "width": 51,
        },
        undefined,
      ]
    }
    value={false}
  />
</View>
`;
